[coderthemes.com/minton/blue/index.html]
[backblue.gif]
[fade.gif]
[index.html]
[coderthemes.com/minton/blue/assets/images/favicon.ico]
[coderthemes.com/minton/plugins/switchery/switchery.min.css]
[coderthemes.com/minton/plugins/jquery-circliful/css/jquery.circliful.css]
[coderthemes.com/minton/blue/assets/css/bootstrap.min.css]
[coderthemes.com/minton/blue/assets/css/style.css]
[coderthemes.com/minton/blue/assets/css/icons.css]
[coderthemes.com/minton/blue/assets/js/modernizr.min.js]
[coderthemes.com/minton/blue/assets/images/users/avatar-1.jpg]
[coderthemes.com/minton/blue/apps-kanban.html]
[coderthemes.com/minton/blue/apps-companies.html]
[coderthemes.com/minton/blue/apps-filemanager.html]
[coderthemes.com/minton/blue/apps-tickets.html]
[coderthemes.com/minton/blue/apps-calendar.html]
[coderthemes.com/minton/blue/apps-team.html]
[coderthemes.com/minton/blue/mail-inbox.html]
[coderthemes.com/minton/blue/mail-compose.html]
[coderthemes.com/minton/blue/mail-read.html]
[coderthemes.com/minton/blue/ui-buttons.html]
[coderthemes.com/minton/blue/ui-cards.html]
[coderthemes.com/minton/blue/ui-portlets.html]
[coderthemes.com/minton/blue/ui-checkbox-radio.html]
[coderthemes.com/minton/blue/ui-tabs.html]
[coderthemes.com/minton/blue/ui-modals.html]
[coderthemes.com/minton/blue/ui-progressbars.html]
[coderthemes.com/minton/blue/ui-notification.html]
[coderthemes.com/minton/blue/ui-bootstrap.html]
[coderthemes.com/minton/blue/typography.html]
[coderthemes.com/minton/blue/components-grid.html]
[coderthemes.com/minton/blue/components-carousel.html]
[coderthemes.com/minton/blue/components-widgets.html]
[coderthemes.com/minton/blue/components-nestable-list.html]
[coderthemes.com/minton/blue/components-range-sliders.html]
[coderthemes.com/minton/blue/components-sweet-alert.html]
[coderthemes.com/minton/blue/form-elements.html]
[coderthemes.com/minton/blue/form-advanced.html]
[coderthemes.com/minton/blue/form-validation.html]
[coderthemes.com/minton/blue/form-wizard.html]
[coderthemes.com/minton/blue/form-wysiwig.html]
[coderthemes.com/minton/blue/form-summernote.html]
[coderthemes.com/minton/blue/form-uploads.html]
[coderthemes.com/minton/blue/form-xeditable.html]
[coderthemes.com/minton/blue/tables-basic.html]
[coderthemes.com/minton/blue/tables-datatable.html]
[coderthemes.com/minton/blue/tables-editable.html]
[coderthemes.com/minton/blue/tables-responsive.html]
[coderthemes.com/minton/blue/tables-tablesaw.html]
[coderthemes.com/minton/blue/tables-foo-tables.html]
[coderthemes.com/minton/blue/chart-flot.html]
[coderthemes.com/minton/blue/chart-morris.html]
[coderthemes.com/minton/blue/chart-chartist.html]
[coderthemes.com/minton/blue/chart-nvd3.html]
[coderthemes.com/minton/blue/chart-chartjs.html]
[coderthemes.com/minton/blue/chart-peity.html]
[coderthemes.com/minton/blue/chart-sparkline.html]
[coderthemes.com/minton/blue/chart-other.html]
[coderthemes.com/minton/blue/map-google.html]
[coderthemes.com/minton/blue/map-vector.html]
[coderthemes.com/minton/blue/map-mapael.html]
[coderthemes.com/minton/blue/icons-materialdesign.html]
[coderthemes.com/minton/blue/icons-themifyicon.html]
[coderthemes.com/minton/blue/icons-ionicons.html]
[coderthemes.com/minton/blue/icons-fontawesome.html]
[coderthemes.com/minton/blue/icons-weather.html]
[coderthemes.com/minton/blue/pages-blank.html]
[coderthemes.com/minton/blue/pages-login.html]
[coderthemes.com/minton/blue/pages-register.html]
[coderthemes.com/minton/blue/pages-recoverpw.html]
[coderthemes.com/minton/blue/pages-lock-screen.html]
[coderthemes.com/minton/blue/pages-confirmmail.html]
[coderthemes.com/minton/blue/pages-404.html]
[coderthemes.com/minton/blue/pages-500.html]
[coderthemes.com/minton/blue/extras-profile.html]
[coderthemes.com/minton/blue/extras-timeline.html]
[coderthemes.com/minton/blue/extras-invoice.html]
[coderthemes.com/minton/blue/extras-email-template.html]
[coderthemes.com/minton/blue/extras-maintenance.html]
[coderthemes.com/minton/blue/extras-coming-soon.html]
[coderthemes.com/minton/blue/extras-gallery.html]
[coderthemes.com/minton/blue/extras-pricing.html]
[coderthemes.com/minton/blue/extras-faq.html]
[coderthemes.com/minton/blue/extras-treeview.html]
[coderthemes.com/minton/blue/assets/images/users/avatar-2.jpg]
[coderthemes.com/minton/blue/assets/images/users/avatar-7.jpg]
[coderthemes.com/minton/blue/assets/js/jquery.min.js]
[coderthemes.com/minton/blue/assets/js/popper.min.js]
[coderthemes.com/minton/blue/assets/js/bootstrap.min.js]
[coderthemes.com/minton/blue/assets/js/detect.js]
[coderthemes.com/minton/blue/assets/js/fastclick.js]
[coderthemes.com/minton/blue/assets/js/jquery.slimscroll.js]
[coderthemes.com/minton/blue/assets/js/jquery.blockUI.js]
[coderthemes.com/minton/blue/assets/js/waves.js]
[coderthemes.com/minton/blue/assets/js/wow.min.js]
[coderthemes.com/minton/blue/assets/js/jquery.nicescroll.js]
[coderthemes.com/minton/blue/assets/js/jquery.scrollTo.min.js]
[coderthemes.com/minton/plugins/switchery/switchery.min.js]
[coderthemes.com/minton/plugins/waypoints/lib/jquery.waypoints.min.js]
[coderthemes.com/minton/plugins/counterup/jquery.counterup.min.js]
[coderthemes.com/minton/plugins/jquery-circliful/js/jquery.circliful.min.js]
[coderthemes.com/minton/plugins/jquery-sparkline/jquery.sparkline.min.js]
[coderthemes.com/minton/plugins/skyicons/skycons.min.js]
[coderthemes.com/minton/blue/assets/pages/jquery.dashboard.js]
[coderthemes.com/minton/blue/assets/js/jquery.core.js]
[coderthemes.com/minton/blue/index.html]
[coderthemes.com/minton/plugins/switchery/switchery.min.css]
[coderthemes.com/minton/plugins/jquery-circliful/css/jquery.circliful.css]
[coderthemes.com/minton/blue/assets/css/bootstrap.min.css]
[coderthemes.com/minton/blue/assets/js/jquery.app.js]
[coderthemes.com/minton/blue/assets/fonts/fontawesome-webfont3e6e.eot]
[coderthemes.com/minton/blue/assets/fonts/fontawesome-webfontd41d.eot]
[coderthemes.com/minton/blue/assets/fonts/fontawesome-webfont3e6e.woff2]
[coderthemes.com/minton/blue/assets/fonts/fontawesome-webfont3e6e.woff]
[coderthemes.com/minton/blue/assets/fonts/fontawesome-webfont3e6e.ttf]
[coderthemes.com/minton/blue/assets/fonts/fontawesome-webfont3e6e.svg]
[coderthemes.com/minton/blue/assets/fonts/materialdesignicons-webfont9391.eot]
[coderthemes.com/minton/blue/assets/fonts/materialdesignicons-webfontd41d.eot]
[coderthemes.com/minton/blue/assets/fonts/materialdesignicons-webfont9391.woff2]
[coderthemes.com/minton/blue/assets/fonts/materialdesignicons-webfont9391.woff]
[coderthemes.com/minton/blue/assets/fonts/materialdesignicons-webfont9391.ttf]
[coderthemes.com/minton/blue/assets/fonts/ioniconsaa26.eot]
[coderthemes.com/minton/blue/assets/fonts/ioniconsaa26.ttf]
[coderthemes.com/minton/blue/assets/fonts/ioniconsaa26.woff]
[coderthemes.com/minton/blue/assets/fonts/materialdesignicons-webfont9391.svg]
[coderthemes.com/minton/blue/assets/fonts/themify9f24.eot]
[coderthemes.com/minton/blue/assets/fonts/ioniconsaa26.svg]
[coderthemes.com/minton/blue/assets/fonts/themifyd41d.eot]
[coderthemes.com/minton/blue/assets/fonts/themify9f24.woff]
[coderthemes.com/minton/blue/assets/fonts/themify9f24.ttf]
[coderthemes.com/minton/blue/assets/fonts/weathericons-regular-webfont.eot]
[coderthemes.com/minton/blue/assets/fonts/themify9f24.svg]
[coderthemes.com/minton/blue/assets/fonts/weathericons-regular-webfontd41d.eot]
[coderthemes.com/minton/blue/assets/fonts/weathericons-regular-webfont.woff2]
[coderthemes.com/minton/blue/assets/fonts/weathericons-regular-webfont.woff]
[coderthemes.com/minton/blue/assets/fonts/weathericons-regular-webfont.ttf]
[coderthemes.com/minton/blue/assets/css/icons.css]
[coderthemes.com/minton/blue/assets/images/multiple-arrow.png]
[coderthemes.com/minton/blue/assets/css/style.css]
[coderthemes.com/minton/blue/assets/js/modernizr.min.js]
[coderthemes.com/minton/plugins/jquery-ui/jquery-ui.css]
[coderthemes.com/minton/blue/assets/fonts/weathericons-regular-webfont.svg]
[coderthemes.com/minton/blue/assets/images/users/avatar-3.jpg]
[coderthemes.com/minton/blue/assets/images/users/avatar-4.jpg]
[coderthemes.com/minton/blue/assets/images/users/avatar-6.jpg]
[coderthemes.com/minton/blue/assets/images/users/avatar-5.jpg]
[coderthemes.com/minton/blue/apps-kanban.html]
[coderthemes.com/minton/blue/assets/images/companies/airbnb.png]
[coderthemes.com/minton/blue/assets/images/companies/apple.png]
[coderthemes.com/minton/plugins/jquery-ui/jquery-ui.min.js]
[coderthemes.com/minton/blue/assets/images/companies/google.png]
[coderthemes.com/minton/blue/assets/images/companies/amazon.png]
[coderthemes.com/minton/blue/assets/images/companies/facebook.png]
[coderthemes.com/minton/blue/assets/images/companies/cisco.png]
[coderthemes.com/minton/blue/apps-companies.html]
[coderthemes.com/minton/blue/assets/pages/jquery.companies.js]
[coderthemes.com/minton/blue/assets/images/file_icons/pdf.svg]
[coderthemes.com/minton/blue/assets/images/file_icons/png.svg]
[coderthemes.com/minton/blue/assets/images/file_icons/psd.svg]
[coderthemes.com/minton/blue/assets/images/file_icons/avi.svg]
[coderthemes.com/minton/blue/assets/images/users/avatar-8.jpg]
[coderthemes.com/minton/blue/assets/images/file_icons/txt.svg]
[coderthemes.com/minton/blue/assets/images/users/avatar-9.jpg]
[coderthemes.com/minton/blue/assets/images/users/avatar-10.jpg]
[coderthemes.com/minton/blue/assets/images/file_icons/eps.svg]
[coderthemes.com/minton/blue/assets/images/file_icons/dll.svg]
[coderthemes.com/minton/blue/assets/images/file_icons/sql.svg]
[coderthemes.com/minton/blue/apps-filemanager.html]
[coderthemes.com/minton/blue/assets/images/file_icons/zip.svg]
[coderthemes.com/minton/plugins/datatables/dataTables.bootstrap4.min.css]
[coderthemes.com/minton/plugins/datatables/responsive.bootstrap4.min.css]
[coderthemes.com/minton/plugins/datatables/jquery.dataTables.min.js]
[coderthemes.com/minton/plugins/datatables/dataTables.bootstrap4.min.js]
[coderthemes.com/minton/blue/apps-tickets.html]
[coderthemes.com/minton/plugins/datatables/dataTables.responsive.min.js]
[coderthemes.com/minton/plugins/fullcalendar/css/fullcalendar.min.css]
[coderthemes.com/minton/plugins/moment/moment.js]
[coderthemes.com/minton/plugins/fullcalendar/js/fullcalendar.min.js]
[coderthemes.com/minton/blue/apps-calendar.html]
[coderthemes.com/minton/blue/apps-team.html]
[coderthemes.com/minton/blue/mail-inbox.html]
[coderthemes.com/minton/blue/assets/pages/jquery.fullcalendar.js]
[coderthemes.com/minton/plugins/summernote/summernote-bs4.css]
[coderthemes.com/minton/blue/mail-compose.html]
[coderthemes.com/minton/plugins/summernote/summernote-bs4.min.js]
[coderthemes.com/minton/blue/assets/images/small/img1.jpg]
[coderthemes.com/minton/blue/assets/images/small/img2.jpg]
[coderthemes.com/minton/blue/assets/images/small/img3.jpg]
[coderthemes.com/minton/blue/mail-read.html]
[coderthemes.com/minton/blue/ui-buttons.html]
[coderthemes.com/minton/plugins/morris/morris.css]
[coderthemes.com/minton/blue/assets/images/gallery/9.jpg]
[coderthemes.com/minton/blue/assets/images/gallery/2.jpg]
[coderthemes.com/minton/blue/assets/images/gallery/3.jpg]
[coderthemes.com/minton/blue/assets/images/gallery/12.jpg]
[coderthemes.com/minton/blue/assets/images/gallery/11.jpg]
[coderthemes.com/minton/blue/assets/images/gallery/4.jpg]
[coderthemes.com/minton/blue/ui-cards.html]
[coderthemes.com/minton/blue/ui-portlets.html]
[coderthemes.com/minton/blue/ui-checkbox-radio.html]
[coderthemes.com/minton/blue/ui-tabs.html]
[coderthemes.com/minton/plugins/custombox/dist/custombox.min.css]
[coderthemes.com/minton/plugins/custombox/dist/custombox.min.js]
[coderthemes.com/minton/blue/ui-modals.html]
[coderthemes.com/minton/blue/ui-progressbars.html]
[coderthemes.com/minton/plugins/custombox/dist/legacy.min.js]
[coderthemes.com/minton/plugins/notifyjs/dist/notify.min.js]
[coderthemes.com/minton/blue/ui-notification.html]
[coderthemes.com/minton/blue/ui-bootstrap.html]
[coderthemes.com/minton/blue/typography.html]
[coderthemes.com/minton/blue/components-grid.html]
[coderthemes.com/minton/plugins/notifications/notify-metro.js]
[coderthemes.com/minton/blue/assets/images/small/img4.jpg]
[coderthemes.com/minton/blue/assets/images/small/img5.jpg]
[coderthemes.com/minton/blue/components-carousel.html]
[coderthemes.com/minton/plugins/sweet-alert/sweetalert2.min.css]
[coderthemes.com/minton/blue/assets/images/avatar-1.jpg]
[coderthemes.com/minton/plugins/sweet-alert/sweetalert2.min.js]
[coderthemes.com/minton/blue/assets/pages/jquery.todo.js]
[coderthemes.com/minton/blue/assets/pages/jquery.chat.js]
[coderthemes.com/minton/blue/components-widgets.html]
[coderthemes.com/minton/blue/assets/pages/jquery.widgets.js]
[coderthemes.com/minton/plugins/nestable/jquery.nestable.css]
[coderthemes.com/minton/plugins/nestable/jquery.nestable.js]
[coderthemes.com/minton/blue/components-nestable-list.html]
[coderthemes.com/minton/blue/assets/pages/nestable.js]
[coderthemes.com/minton/plugins/ion-rangeslider/ion.rangeSlider.css]
[coderthemes.com/minton/plugins/ion-rangeslider/ion.rangeSlider.skinFlat.css]
[coderthemes.com/minton/plugins/ion-rangeslider/ion.rangeSlider.min.js]
[coderthemes.com/minton/blue/components-range-sliders.html]
[coderthemes.com/minton/blue/assets/pages/jquery.ui-sliders.js]
[coderthemes.com/minton/blue/components-sweet-alert.html]
[coderthemes.com/minton/blue/form-elements.html]
[coderthemes.com/minton/blue/assets/pages/jquery.sweet-alert.init.js]
[coderthemes.com/minton/plugins/bootstrap-tagsinput/dist/bootstrap-tagsinput.css]
[coderthemes.com/minton/plugins/multiselect/css/multi-select.css]
[coderthemes.com/minton/plugins/select2/css/select2.min.css]
[coderthemes.com/minton/plugins/bootstrap-touchspin/dist/jquery.bootstrap-touchspin.min.css]
[coderthemes.com/minton/plugins/mjolnic-bootstrap-colorpicker/dist/css/bootstrap-colorpicker.min.css]
[coderthemes.com/minton/plugins/bootstrap-datepicker/dist/css/bootstrap-datepicker.min.css]
[coderthemes.com/minton/plugins/bootstrap-daterangepicker/daterangepicker.css]
[coderthemes.com/minton/plugins/bootstrap-tagsinput/dist/bootstrap-tagsinput.min.js]
[coderthemes.com/minton/plugins/multiselect/js/jquery.multi-select.js]
[coderthemes.com/minton/plugins/jquery-quicksearch/jquery.quicksearch.js]
[coderthemes.com/minton/plugins/select2/js/select2.min.js]
[coderthemes.com/minton/plugins/bootstrap-touchspin/dist/jquery.bootstrap-touchspin.min.js]
[coderthemes.com/minton/plugins/bootstrap-inputmask/bootstrap-inputmask.min.js]
[coderthemes.com/minton/plugins/mjolnic-bootstrap-colorpicker/dist/js/bootstrap-colorpicker.min.js]
[coderthemes.com/minton/plugins/bootstrap-datepicker/dist/js/bootstrap-datepicker.min.js]
[coderthemes.com/minton/plugins/bootstrap-daterangepicker/daterangepicker.js]
[coderthemes.com/minton/blue/form-advanced.html]
[coderthemes.com/minton/blue/assets/pages/jquery.form-advanced.init.js]
[coderthemes.com/minton/blue/form-validation.html]
[coderthemes.com/minton/plugins/parsleyjs/dist/parsley.min.js]
[coderthemes.com/minton/plugins/jquery.steps/css/jquery.steps.css]
[coderthemes.com/minton/plugins/jquery.steps/js/jquery.steps.min.js]
[coderthemes.com/minton/plugins/jquery-validation/js/jquery.validate.min.js]
[coderthemes.com/minton/blue/form-wizard.html]
[coderthemes.com/minton/blue/assets/pages/jquery.wizard-init.js]
[coderthemes.com/minton/blue/form-wysiwig.html]
[coderthemes.com/minton/blue/form-summernote.html]
[coderthemes.com/minton/plugins/dropzone/dropzone.css]
[coderthemes.com/minton/blue/form-uploads.html]
[coderthemes.com/minton/plugins/dropzone/dropzone.js]
[coderthemes.com/minton/plugins/x-editable/dist/bootstrap3-editable/css/bootstrap-editable.css]
[coderthemes.com/minton/plugins/x-editable/dist/bootstrap3-editable/js/bootstrap-editable.min.js]
[coderthemes.com/minton/blue/form-xeditable.html]
[coderthemes.com/minton/blue/tables-basic.html]
[coderthemes.com/minton/blue/assets/pages/jquery.xeditable.js]
[coderthemes.com/minton/plugins/datatables/buttons.bootstrap4.min.css]
[coderthemes.com/minton/plugins/tinymce/tinymce.min.js]
[coderthemes.com/minton/plugins/datatables/select.bootstrap4.min.css]
[coderthemes.com/minton/plugins/datatables/dataTables.buttons.min.js]
[coderthemes.com/minton/plugins/datatables/buttons.bootstrap4.min.js]
[coderthemes.com/minton/plugins/datatables/jszip.min.js]
[coderthemes.com/minton/plugins/datatables/buttons.html5.min.js]
[coderthemes.com/minton/plugins/datatables/pdfmake.min.js]
[coderthemes.com/minton/plugins/datatables/buttons.print.min.js]
[coderthemes.com/minton/plugins/datatables/dataTables.keyTable.min.js]
[coderthemes.com/minton/plugins/datatables/responsive.bootstrap4.min.js]
[coderthemes.com/minton/blue/tables-datatable.html]
[coderthemes.com/minton/plugins/datatables/dataTables.select.min.js]
[coderthemes.com/minton/plugins/magnific-popup/dist/magnific-popup.css]
[coderthemes.com/minton/plugins/datatables/vfs_fonts.js]
[coderthemes.com/minton/plugins/jquery-datatables-editable/dataTables.bootstrap4.min.css]
[coderthemes.com/minton/plugins/magnific-popup/dist/jquery.magnific-popup.min.js]
[coderthemes.com/minton/plugins/tiny-editable/mindmup-editabletable.js]
[coderthemes.com/minton/plugins/tiny-editable/numeric-input-example.js]
[coderthemes.com/minton/blue/tables-editable.html]
[coderthemes.com/minton/blue/assets/pages/datatables.editable.init.js]
[coderthemes.com/minton/plugins/RWD-Table-Patterns/dist/css/rwd-table.min.css]
[coderthemes.com/minton/blue/tables-responsive.html]
[coderthemes.com/minton/plugins/RWD-Table-Patterns/dist/js/rwd-table.min.js]
[coderthemes.com/minton/plugins/tablesaw/css/tablesaw.css]
[coderthemes.com/minton/plugins/tablesaw/js/tablesaw.js]
[coderthemes.com/minton/blue/tables-tablesaw.html]
[coderthemes.com/minton/plugins/tablesaw/js/tablesaw-init.js]
[coderthemes.com/minton/plugins/footable/css/footable.core.css]
[coderthemes.com/minton/plugins/footable/js/footable.all.min.js]
[coderthemes.com/minton/blue/tables-foo-tables.html]
[coderthemes.com/minton/blue/assets/pages/jquery.footable.js]
[coderthemes.com/minton/plugins/flot-chart/jquery.flot.js]
[coderthemes.com/minton/plugins/flot-chart/jquery.flot.time.js]
[coderthemes.com/minton/plugins/flot-chart/jquery.flot.tooltip.min.js]
[coderthemes.com/minton/plugins/flot-chart/jquery.flot.resize.js]
[coderthemes.com/minton/plugins/flot-chart/jquery.flot.pie.js]
[coderthemes.com/minton/plugins/flot-chart/jquery.flot.selection.js]
[coderthemes.com/minton/plugins/flot-chart/jquery.flot.stack.js]
[coderthemes.com/minton/plugins/flot-chart/jquery.flot.crosshair.js]
[coderthemes.com/minton/blue/chart-flot.html]
[coderthemes.com/minton/blue/assets/pages/jquery.flot.init.js]
[coderthemes.com/minton/plugins/morris/morris.min.js]
[coderthemes.com/minton/blue/chart-morris.html]
[coderthemes.com/minton/blue/assets/pages/morris.init.js]
[coderthemes.com/minton/plugins/raphael/raphael-min.js]
[coderthemes.com/minton/plugins/chartist/dist/chartist.min.css]
[coderthemes.com/minton/plugins/chartist/dist/chartist.min.js]
[coderthemes.com/minton/blue/chart-chartist.html]
[coderthemes.com/minton/blue/assets/pages/jquery.chartist.init.js]
[coderthemes.com/minton/plugins/nvd3/build/nv.d3.min.css]
[coderthemes.com/minton/plugins/d3/d3.min.js]
[coderthemes.com/minton/plugins/nvd3/build/nv.d3.min.js]
[coderthemes.com/minton/blue/chart-nvd3.html]
[coderthemes.com/minton/blue/assets/pages/jquery.nvd3.init.js]
[coderthemes.com/minton/blue/chart-chartjs.html]
[coderthemes.com/minton/blue/assets/pages/jquery.chartjs.init.js]
[coderthemes.com/minton/plugins/chart.js/Chart.bundle.min.js]
[coderthemes.com/minton/plugins/peity/jquery.peity.min.js]
[coderthemes.com/minton/blue/chart-peity.html]
[coderthemes.com/minton/blue/assets/pages/jquery.peity.init.js]
[coderthemes.com/minton/blue/chart-sparkline.html]
[coderthemes.com/minton/blue/assets/pages/jquery.charts-sparkline.js]
[coderthemes.com/minton/plugins/jquery.easy-pie-chart/dist/easypiechart.min.js]
[coderthemes.com/minton/plugins/jquery.easy-pie-chart/dist/jquery.easypiechart.min.js]
[coderthemes.com/minton/blue/assets/pages/easy-pie-chart.init.js]
[coderthemes.com/minton/blue/chart-other.html]
[coderthemes.com/minton/plugins/jquery-knob/jquery.knob.js]
[coderthemes.com/minton/plugins/gmaps/gmaps.min.js]
[coderthemes.com/minton/blue/map-google.html]
[coderthemes.com/minton/blue/assets/pages/jquery.gmaps.js]
[coderthemes.com/minton/plugins/jvectormap/jquery-jvectormap-2.0.2.css]
[coderthemes.com/minton/plugins/jvectormap/jquery-jvectormap-2.0.2.min.js]
[coderthemes.com/minton/plugins/jvectormap/jquery-jvectormap-world-mill-en.js]
[coderthemes.com/minton/plugins/jvectormap/gdp-data.js]
[coderthemes.com/minton/plugins/jvectormap/jquery-jvectormap-us-aea-en.js]
[coderthemes.com/minton/plugins/jvectormap/jquery-jvectormap-uk-mill-en.js]
[coderthemes.com/minton/plugins/jvectormap/jquery-jvectormap-au-mill.js]
[coderthemes.com/minton/plugins/jvectormap/jquery-jvectormap-us-il-chicago-mill-en.js]
[coderthemes.com/minton/plugins/jvectormap/jquery-jvectormap-ca-lcc.js]
[coderthemes.com/minton/plugins/jvectormap/jquery-jvectormap-de-mill.js]
[coderthemes.com/minton/plugins/jvectormap/jquery-jvectormap-in-mill.js]
[coderthemes.com/minton/plugins/jvectormap/jquery-jvectormap-asia-mill.js]
[coderthemes.com/minton/blue/map-vector.html]
[coderthemes.com/minton/blue/assets/pages/jvectormap.init.js]
[coderthemes.com/minton/plugins/jquery-mapael/raphael-min.js]
[coderthemes.com/minton/plugins/jquery-mapael/jquery.mapael.min.js]
[coderthemes.com/minton/plugins/jquery-mapael/maps/world_countries.min.js]
[coderthemes.com/minton/plugins/jquery-mapael/maps/usa_states.min.js]
[coderthemes.com/minton/blue/map-mapael.html]
[coderthemes.com/minton/blue/icons-materialdesign.html]
[coderthemes.com/minton/blue/icons-themifyicon.html]
[coderthemes.com/minton/blue/icons-ionicons.html]
[coderthemes.com/minton/blue/icons-fontawesome.html]
[coderthemes.com/minton/blue/icons-weather.html]
[coderthemes.com/minton/blue/pages-blank.html]
[coderthemes.com/minton/blue/pages-login.html]
[coderthemes.com/minton/blue/pages-register.html]
[coderthemes.com/minton/blue/pages-recoverpw.html]
[coderthemes.com/minton/blue/pages-lock-screen.html]
[coderthemes.com/minton/blue/assets/pages/jquery.mapael-map.init.js]
[coderthemes.com/minton/blue/assets/images/mail_confirm.png]
[coderthemes.com/minton/blue/pages-confirmmail.html]
[coderthemes.com/minton/blue/pages-404.html]
[coderthemes.com/minton/blue/pages-500.html]
[coderthemes.com/minton/blue/assets/images/gallery/1.jpg]
[coderthemes.com/minton/blue/assets/images/gallery/5.jpg]
[coderthemes.com/minton/blue/assets/images/gallery/6.jpg]
[coderthemes.com/minton/blue/extras-profile.html]
[coderthemes.com/minton/blue/extras-timeline.html]
[coderthemes.com/minton/blue/extras-invoice.html]
[coderthemes.com/minton/blue/email-templates/action.html]
[coderthemes.com/minton/blue/assets/images/email/1.png]
[coderthemes.com/minton/blue/email-templates/alert.html]
[coderthemes.com/minton/blue/assets/images/email/2.png]
[coderthemes.com/minton/blue/email-templates/billing.html]
[coderthemes.com/minton/blue/assets/images/email/3.png]
[coderthemes.com/minton/blue/extras-email-template.html]
[coderthemes.com/minton/blue/extras-maintenance.html]
[coderthemes.com/minton/plugins/countdown/dest/jquery.countdown.min.js]
[coderthemes.com/minton/blue/extras-coming-soon.html]
[coderthemes.com/minton/plugins/simple-text-rotator/jquery.simple-text-rotator.min.js]
[coderthemes.com/minton/blue/assets/images/gallery/7.jpg]
[coderthemes.com/minton/blue/assets/images/gallery/8.jpg]
[coderthemes.com/minton/blue/assets/images/gallery/10.jpg]
[coderthemes.com/minton/blue/extras-gallery.html]
[coderthemes.com/minton/blue/extras-pricing.html]
[coderthemes.com/minton/blue/extras-faq.html]
[coderthemes.com/minton/plugins/isotope/dist/isotope.pkgd.min.js]
[coderthemes.com/minton/plugins/jstree/style.css]
[coderthemes.com/minton/plugins/jstree/jstree.min.js]
[coderthemes.com/minton/blue/extras-treeview.html]
[coderthemes.com/minton/blue/assets/js/jquery.min.js]
[coderthemes.com/minton/blue/assets/js/popper.min.js]
[coderthemes.com/minton/blue/assets/pages/jquery.tree.js]
[coderthemes.com/minton/blue/assets/js/bootstrap.min.js]
[coderthemes.com/minton/blue/assets/js/detect.js]
[coderthemes.com/minton/blue/assets/js/fastclick.js]
[coderthemes.com/minton/blue/assets/js/jquery.slimscroll.js]
[coderthemes.com/minton/blue/assets/js/jquery.blockUI.js]
[coderthemes.com/minton/blue/assets/js/waves.js]
[coderthemes.com/minton/blue/assets/js/wow.min.js]
[coderthemes.com/minton/blue/assets/js/jquery.nicescroll.js]
[coderthemes.com/minton/blue/assets/js/jquery.scrollTo.min.js]
[coderthemes.com/minton/plugins/switchery/switchery.min.js]
[coderthemes.com/minton/plugins/waypoints/lib/jquery.waypoints.min.js]
[coderthemes.com/minton/plugins/counterup/jquery.counterup.min.js]
[coderthemes.com/minton/plugins/jquery-circliful/js/jquery.circliful.min.js]
[coderthemes.com/minton/plugins/jquery-sparkline/jquery.sparkline.min.js]
[coderthemes.com/minton/plugins/skyicons/skycons.min.js]
[coderthemes.com/minton/blue/assets/pages/jquery.dashboard.js]
[coderthemes.com/minton/blue/assets/js/jquery.core.js]
[coderthemes.com/minton/blue/assets/js/jquery.app.js]
[coderthemes.com/minton/blue/assets/fonts/fontawesome-webfont3e6e.svg]
[coderthemes.com/minton/blue/assets/fonts/materialdesignicons-webfont9391.svg]
[coderthemes.com/minton/blue/assets/fonts/ioniconsaa26.svg]
[coderthemes.com/minton/blue/assets/fonts/themify9f24.svg]
[coderthemes.com/minton/blue/assets/fonts/weathericons-regular-webfont.svg]
[coderthemes.com/minton/plugins/jquery-ui/images/ui-bg_highlight-soft_100_eeeeee_1x100.png]
[coderthemes.com/minton/plugins/jquery-ui/images/ui-bg_gloss-wave_35_f6a828_500x100.png]
[coderthemes.com/minton/plugins/jquery-ui/images/ui-bg_glass_100_f6f6f6_1x400.png]
[coderthemes.com/minton/plugins/jquery-ui/images/ui-bg_glass_100_fdf5ce_1x400.png]
[coderthemes.com/minton/plugins/jquery-ui/images/ui-bg_glass_65_ffffff_1x400.png]
[coderthemes.com/minton/plugins/jquery-ui/images/ui-bg_highlight-soft_75_ffe45c_1x100.png]
[coderthemes.com/minton/plugins/jquery-ui/images/ui-bg_diagonals-thick_18_b81900_40x40.png]
[coderthemes.com/minton/plugins/jquery-ui/images/ui-icons_222222_256x240.png]
[coderthemes.com/minton/plugins/jquery-ui/images/ui-icons_ffffff_256x240.png]
[coderthemes.com/minton/plugins/jquery-ui/images/ui-icons_ef8c08_256x240.png]
[coderthemes.com/minton/plugins/jquery-ui/images/ui-icons_228ef1_256x240.png]
[coderthemes.com/minton/plugins/jquery-ui/images/ui-icons_ffd27a_256x240.png]
[coderthemes.com/minton/plugins/jquery-ui/images/ui-bg_diagonals-thick_20_666666_40x40.png]
[coderthemes.com/minton/plugins/jquery-ui/images/ui-bg_flat_10_000000_40x100.png]
[coderthemes.com/minton/plugins/jquery-ui/jquery-ui.css]
[coderthemes.com/minton/plugins/jquery-ui/jquery-ui.min.js]
[coderthemes.com/minton/blue/assets/pages/jquery.companies.js]
[coderthemes.com/minton/blue/assets/images/file_icons/pdf.svg]
[coderthemes.com/minton/blue/assets/images/file_icons/png.svg]
[coderthemes.com/minton/blue/assets/images/file_icons/psd.svg]
[coderthemes.com/minton/blue/assets/images/file_icons/avi.svg]
[coderthemes.com/minton/blue/assets/images/file_icons/txt.svg]
[coderthemes.com/minton/blue/assets/images/file_icons/eps.svg]
[coderthemes.com/minton/blue/assets/images/file_icons/dll.svg]
[coderthemes.com/minton/blue/assets/images/file_icons/sql.svg]
[coderthemes.com/minton/blue/assets/images/file_icons/zip.svg]
[coderthemes.com/minton/plugins/datatables/dataTables.bootstrap4.min.css]
[coderthemes.com/minton/plugins/datatables/responsive.bootstrap4.min.css]
[coderthemes.com/minton/plugins/datatables/jquery.dataTables.min.js]
[coderthemes.com/minton/plugins/datatables/dataTables.bootstrap4.min.js]
[coderthemes.com/minton/plugins/datatables/dataTables.responsive.min.js]
[coderthemes.com/minton/plugins/fullcalendar/css/fullcalendar.min.css]
[coderthemes.com/minton/plugins/moment/moment.js]
[coderthemes.com/minton/plugins/fullcalendar/js/fullcalendar.min.js]
[coderthemes.com/minton/blue/assets/pages/jquery.fullcalendar.js]
[coderthemes.com/minton/plugins/summernote/font/summernote291f.eot]
[coderthemes.com/minton/plugins/summernote/font/summernoted41d.eot]
[coderthemes.com/minton/plugins/summernote/font/summernote291f.woff]
[coderthemes.com/minton/plugins/summernote/font/summernote291f.ttf]
[coderthemes.com/minton/plugins/summernote/summernote-bs4.css]
[coderthemes.com/minton/plugins/summernote/summernote-bs4.min.js]
[coderthemes.com/minton/plugins/morris/morris.css]
[coderthemes.com/minton/plugins/custombox/dist/custombox.min.css]
[coderthemes.com/minton/plugins/custombox/dist/custombox.min.js]
[coderthemes.com/minton/plugins/custombox/dist/legacy.min.js]
[coderthemes.com/minton/plugins/notifyjs/dist/notify.min.js]
[coderthemes.com/minton/plugins/notifications/notify-metro.js]
[coderthemes.com/minton/plugins/sweet-alert/sweetalert2.min.css]
[coderthemes.com/minton/plugins/sweet-alert/sweetalert2.min.js]
[coderthemes.com/minton/blue/assets/pages/jquery.todo.js]
[coderthemes.com/minton/blue/assets/pages/jquery.chat.js]
[coderthemes.com/minton/blue/assets/pages/jquery.widgets.js]
[coderthemes.com/minton/plugins/nestable/jquery.nestable.css]
[coderthemes.com/minton/plugins/nestable/jquery.nestable.js]
[coderthemes.com/minton/blue/assets/pages/nestable.js]
[coderthemes.com/minton/plugins/ion-rangeslider/ion.rangeSlider.css]
[coderthemes.com/minton/plugins/ion-rangeslider/img/sprite-skin-flat.png]
[coderthemes.com/minton/plugins/ion-rangeslider/ion.rangeSlider.skinFlat.css]
[coderthemes.com/minton/plugins/ion-rangeslider/ion.rangeSlider.min.js]
[coderthemes.com/minton/blue/assets/pages/jquery.ui-sliders.js]
[coderthemes.com/minton/blue/assets/pages/jquery.sweet-alert.init.js]
[coderthemes.com/minton/plugins/bootstrap-tagsinput/dist/bootstrap-tagsinput.css]
[coderthemes.com/minton/plugins/multiselect/img/switch.png]
[coderthemes.com/minton/plugins/multiselect/css/multi-select.css]
[coderthemes.com/minton/plugins/select2/css/select2.min.css]
[coderthemes.com/minton/plugins/bootstrap-touchspin/dist/jquery.bootstrap-touchspin.min.css]
[coderthemes.com/minton/plugins/mjolnic-bootstrap-colorpicker/dist/img/bootstrap-colorpicker/saturation.png]
[coderthemes.com/minton/plugins/mjolnic-bootstrap-colorpicker/dist/img/bootstrap-colorpicker/hue.png]
[coderthemes.com/minton/plugins/mjolnic-bootstrap-colorpicker/dist/img/bootstrap-colorpicker/alpha.png]
[coderthemes.com/minton/plugins/mjolnic-bootstrap-colorpicker/dist/img/bootstrap-colorpicker/hue-horizontal.png]
[coderthemes.com/minton/plugins/mjolnic-bootstrap-colorpicker/dist/img/bootstrap-colorpicker/alpha-horizontal.png]
[coderthemes.com/minton/plugins/mjolnic-bootstrap-colorpicker/dist/css/bootstrap-colorpicker.min.css]
[coderthemes.com/minton/plugins/bootstrap-datepicker/dist/css/bootstrap-datepicker.min.css]
[coderthemes.com/minton/plugins/bootstrap-daterangepicker/daterangepicker.css]
[coderthemes.com/minton/plugins/bootstrap-tagsinput/dist/bootstrap-tagsinput.min.js]
[coderthemes.com/minton/plugins/multiselect/js/jquery.multi-select.js]
[coderthemes.com/minton/plugins/jquery-quicksearch/jquery.quicksearch.js]
[coderthemes.com/minton/plugins/select2/js/select2.min.js]
[coderthemes.com/minton/plugins/bootstrap-touchspin/dist/jquery.bootstrap-touchspin.min.js]
[coderthemes.com/minton/plugins/bootstrap-inputmask/bootstrap-inputmask.min.js]
[coderthemes.com/minton/plugins/mjolnic-bootstrap-colorpicker/dist/js/bootstrap-colorpicker.min.js]
[coderthemes.com/minton/plugins/bootstrap-datepicker/dist/js/bootstrap-datepicker.min.js]
[coderthemes.com/minton/plugins/bootstrap-daterangepicker/daterangepicker.js]
[coderthemes.com/minton/blue/assets/pages/jquery.form-advanced.init.js]
[coderthemes.com/minton/plugins/parsleyjs/dist/parsley.min.js]
[coderthemes.com/minton/plugins/jquery.steps/css/jquery.steps.css]
[coderthemes.com/minton/plugins/jquery.steps/js/jquery.steps.min.js]
[coderthemes.com/minton/plugins/jquery-validation/js/jquery.validate.min.js]
[coderthemes.com/minton/blue/assets/pages/jquery.wizard-init.js]
[coderthemes.com/minton/plugins/tinymce/tinymce.min.js]
[coderthemes.com/minton/plugins/dropzone/dropzone.css]
[coderthemes.com/minton/plugins/dropzone/dropzone.js]
[coderthemes.com/minton/plugins/x-editable/dist/bootstrap3-editable/img/loading.gif]
[coderthemes.com/minton/plugins/x-editable/dist/bootstrap3-editable/img/clear.png]
[coderthemes.com/minton/plugins/x-editable/dist/bootstrap3-editable/css/bootstrap-editable.css]
[coderthemes.com/minton/plugins/x-editable/dist/bootstrap3-editable/js/bootstrap-editable.min.js]
[coderthemes.com/minton/blue/assets/pages/jquery.xeditable.js]
[coderthemes.com/minton/plugins/datatables/buttons.bootstrap4.min.css]
[coderthemes.com/minton/plugins/datatables/select.bootstrap4.min.css]
[coderthemes.com/minton/plugins/datatables/dataTables.buttons.min.js]
[coderthemes.com/minton/plugins/datatables/buttons.bootstrap4.min.js]
[coderthemes.com/minton/plugins/datatables/jszip.min.js]
[coderthemes.com/minton/plugins/datatables/pdfmake.min.js]
[coderthemes.com/minton/plugins/datatables/vfs_fonts.js]
[coderthemes.com/minton/plugins/datatables/buttons.html5.min.js]
[coderthemes.com/minton/plugins/datatables/buttons.print.min.js]
[coderthemes.com/minton/plugins/datatables/dataTables.keyTable.min.js]
[coderthemes.com/minton/plugins/datatables/responsive.bootstrap4.min.js]
[coderthemes.com/minton/plugins/datatables/dataTables.select.min.js]
[coderthemes.com/minton/plugins/magnific-popup/dist/magnific-popup.css]
[coderthemes.com/minton/plugins/jquery-datatables-editable/dataTables.bootstrap4.min.css]
[coderthemes.com/minton/plugins/magnific-popup/dist/jquery.magnific-popup.min.js]
[coderthemes.com/minton/plugins/tiny-editable/mindmup-editabletable.js]
[coderthemes.com/minton/plugins/tiny-editable/numeric-input-example.js]
[coderthemes.com/minton/blue/assets/pages/datatables.editable.init.js]
[coderthemes.com/minton/plugins/RWD-Table-Patterns/dist/css/rwd-table.min.css]
[coderthemes.com/minton/plugins/RWD-Table-Patterns/dist/js/rwd-table.min.js]
[coderthemes.com/minton/plugins/tablesaw/css/tablesaw.css]
[coderthemes.com/minton/plugins/tablesaw/js/tablesaw.js]
[coderthemes.com/minton/plugins/tablesaw/js/tablesaw-init.js]
[coderthemes.com/minton/plugins/footable/css/fonts/footable.eot]
[coderthemes.com/minton/plugins/footable/css/fonts/footabled41d.eot]
[coderthemes.com/minton/plugins/footable/css/fonts/footable.woff]
[coderthemes.com/minton/plugins/footable/css/fonts/footable.ttf]
[coderthemes.com/minton/plugins/footable/css/footable.core.css]
[coderthemes.com/minton/plugins/footable/js/footable.all.min.js]
[coderthemes.com/minton/blue/assets/pages/jquery.footable.js]
[coderthemes.com/minton/plugins/flot-chart/jquery.flot.js]
[coderthemes.com/minton/plugins/flot-chart/jquery.flot.time.js]
[coderthemes.com/minton/plugins/flot-chart/jquery.flot.tooltip.min.js]
[coderthemes.com/minton/plugins/flot-chart/jquery.flot.resize.js]
[coderthemes.com/minton/plugins/flot-chart/jquery.flot.pie.js]
[coderthemes.com/minton/plugins/flot-chart/jquery.flot.selection.js]
[coderthemes.com/minton/plugins/flot-chart/jquery.flot.stack.js]
[coderthemes.com/minton/plugins/flot-chart/jquery.flot.crosshair.js]
[coderthemes.com/minton/blue/assets/pages/jquery.flot.init.js]
[coderthemes.com/minton/plugins/morris/morris.min.js]
[coderthemes.com/minton/plugins/raphael/raphael-min.js]
[coderthemes.com/minton/blue/assets/pages/morris.init.js]
[coderthemes.com/minton/plugins/chartist/dist/chartist.min.css]
[coderthemes.com/minton/plugins/chartist/dist/chartist.min.js]
[coderthemes.com/minton/blue/assets/pages/jquery.chartist.init.js]
[coderthemes.com/minton/plugins/nvd3/build/nv.d3.min.css]
[coderthemes.com/minton/plugins/d3/d3.min.js]
[coderthemes.com/minton/plugins/nvd3/build/nv.d3.min.js]
[coderthemes.com/minton/blue/assets/pages/jquery.nvd3.init.js]
[coderthemes.com/minton/plugins/chart.js/Chart.bundle.min.js]
[coderthemes.com/minton/blue/assets/pages/jquery.chartjs.init.js]
[coderthemes.com/minton/plugins/peity/jquery.peity.min.js]
[coderthemes.com/minton/blue/assets/pages/jquery.peity.init.js]
[coderthemes.com/minton/blue/assets/pages/jquery.charts-sparkline.js]
[coderthemes.com/minton/plugins/jquery.easy-pie-chart/dist/easypiechart.min.js]
[coderthemes.com/minton/plugins/jquery.easy-pie-chart/dist/jquery.easypiechart.min.js]
[coderthemes.com/minton/blue/assets/pages/easy-pie-chart.init.js]
[coderthemes.com/minton/plugins/jquery-knob/jquery.knob.js]
[coderthemes.com/minton/plugins/gmaps/gmaps.min.js]
[coderthemes.com/minton/blue/assets/pages/jquery.gmaps.js]
[coderthemes.com/minton/plugins/jvectormap/jquery-jvectormap-2.0.2.css]
[coderthemes.com/minton/plugins/jvectormap/jquery-jvectormap-2.0.2.min.js]
[coderthemes.com/minton/plugins/jvectormap/jquery-jvectormap-world-mill-en.js]
[coderthemes.com/minton/plugins/jvectormap/gdp-data.js]
[coderthemes.com/minton/plugins/jvectormap/jquery-jvectormap-us-aea-en.js]
[coderthemes.com/minton/plugins/jvectormap/jquery-jvectormap-uk-mill-en.js]
[coderthemes.com/minton/plugins/jvectormap/jquery-jvectormap-au-mill.js]
[coderthemes.com/minton/plugins/jvectormap/jquery-jvectormap-us-il-chicago-mill-en.js]
[coderthemes.com/minton/plugins/jvectormap/jquery-jvectormap-ca-lcc.js]
[coderthemes.com/minton/plugins/jvectormap/jquery-jvectormap-de-mill.js]
[coderthemes.com/minton/plugins/jvectormap/jquery-jvectormap-in-mill.js]
[coderthemes.com/minton/plugins/jvectormap/jquery-jvectormap-asia-mill.js]
[coderthemes.com/minton/blue/assets/pages/jvectormap.init.js]
[coderthemes.com/minton/plugins/jquery-mapael/raphael-min.js]
[coderthemes.com/minton/plugins/jquery-mapael/jquery.mapael.min.js]
[coderthemes.com/minton/plugins/jquery-mapael/maps/world_countries.min.js]
[coderthemes.com/minton/plugins/jquery-mapael/maps/usa_states.min.js]
[coderthemes.com/minton/blue/assets/pages/jquery.mapael-map.init.js]
[coderthemes.com/minton/blue/email-templates/action.html]
[coderthemes.com/minton/blue/email-templates/alert.html]
[coderthemes.com/minton/blue/email-templates/billing.html]
[coderthemes.com/minton/plugins/footable/css/fonts/footable.svg]
[coderthemes.com/minton/plugins/countdown/dest/jquery.countdown.min.js]
[coderthemes.com/minton/plugins/simple-text-rotator/jquery.simple-text-rotator.min.js]
[coderthemes.com/minton/plugins/isotope/dist/isotope.pkgd.min.js]
[coderthemes.com/minton/plugins/jstree/32px.png]
[coderthemes.com/minton/plugins/jstree/throbber.gif]
[coderthemes.com/minton/plugins/jstree/40px.png]
[coderthemes.com/minton/plugins/jstree/style.css]
[coderthemes.com/minton/plugins/jstree/jstree.min.js]
[coderthemes.com/minton/blue/assets/pages/jquery.tree.js]
[coderthemes.com/minton/blue/popper.html]
[coderthemes.com/minton/blue/clipboard.html]
[coderthemes.com/minton/blue/image/index.html]
[coderthemes.com/minton/blue/GET.html]
[coderthemes.com/minton/blue/Trident/index.html]
[coderthemes.com/minton/blue/Edge/index.html]
[coderthemes.com/minton/blue/edge/index-2.html]
[coderthemes.com/minton/blue/mobile/index.html]
[coderthemes.com/minton/blue/POST.html]
[coderthemes.com/minton/blue/zlib/deflate.html]
[coderthemes.com/minton/blue/zlib/inflate.html]
[coderthemes.com/minton/blue/xl/worksheets/sheet1.html]
[coderthemes.com/minton/blue/xl/workbook.html]
[coderthemes.com/minton/blue/xl/styles.html]
[coderthemes.com/minton/blue/[Content_Types].html]
[coderthemes.com/minton/blue/buttons.html]
[coderthemes.com/minton/plugins/footable/css/fonts/footable.svg]
[coderthemes.com/minton/blue/countdown.html]
